#-----------------------------------------------------------
# Vivado v2019.2 (64-bit)
# SW Build 2708876 on Wed Nov  6 21:40:23 MST 2019
# IP Build 2700528 on Thu Nov  7 00:09:20 MST 2019
# Start of session at: Wed Nov 19 23:30:30 2025
# Process ID: 26284
# Current directory: C:/Users/liuxx/Downloads/FPGAdazuoyepromaxultrasu7zuizhongban/FPGAdazuoyepromaxultrasu7zuizhongban/FPGAdazuoye
# Command line: vivado.exe -gui_launcher_event rodinguilauncherevent15812 C:\Users\liuxx\Downloads\FPGAdazuoyepromaxultrasu7zuizhongban\FPGAdazuoyepromaxultrasu7zuizhongban\FPGAdazuoye\FPGAdazuoye.xpr
# Log file: C:/Users/liuxx/Downloads/FPGAdazuoyepromaxultrasu7zuizhongban/FPGAdazuoyepromaxultrasu7zuizhongban/FPGAdazuoye/vivado.log
# Journal file: C:/Users/liuxx/Downloads/FPGAdazuoyepromaxultrasu7zuizhongban/FPGAdazuoyepromaxultrasu7zuizhongban/FPGAdazuoye\vivado.jou
#-----------------------------------------------------------
start_gui
open_project C:/Users/liuxx/Downloads/FPGAdazuoyepromaxultrasu7zuizhongban/FPGAdazuoyepromaxultrasu7zuizhongban/FPGAdazuoye/FPGAdazuoye.xpr
update_compile_order -fileset sources_1
